<!DOCTYPE html>
<html lang="en">
<head>
  <meta charset="utf-8" />
  <title>tools/report.py – DocForge</title>
  <meta name="viewport" content="width=device-width, initial-scale=1" />
  <style>
    :root { font-family: system-ui, sans-serif; color: #1a1a1a; background: #f9fafb; }
    body { margin: 0 auto; max-width: 960px; padding: 2rem; line-height: 1.6; }
    header { border-bottom: 1px solid #e5e7eb; margin-bottom: 2rem; padding-bottom: 1rem; }
    nav { font-size: 0.9rem; color: #4b5563; margin-bottom: 0.5rem; }
    h1 { font-size: 2rem; margin: 0 0 1rem; }
    h2 { font-size: 1.5rem; margin-top: 1.5rem; }
    table { width: 100%; border-collapse: collapse; margin-top: 1rem; }
    th, td { border: 1px solid #e5e7eb; padding: 0.5rem; text-align: left; vertical-align: top; }
    th { background: #f3f4f6; }
    article { background: #ffffff; border: 1px solid #e5e7eb; border-radius: 8px; padding: 1rem; margin-bottom: 1.5rem; box-shadow: 0 1px 2px rgba(15, 23, 42, 0.08); }
    code { background: #f3f4f6; padding: 0.1rem 0.3rem; border-radius: 4px; font-size: 0.95rem; }
    ul { padding-left: 1.25rem; }
    a { color: #2563eb; text-decoration: none; }
    a:hover { text-decoration: underline; }
    footer { margin-top: 3rem; font-size: 0.85rem; color: #6b7280; }
  </style>
</head>
<body>
  <header>
    <nav><a href="../index.html">Home</a> / <a href="../index.html#modules">Modules</a> / <span>tools/report.py</span></nav>
    <h1>tools/report.py – DocForge</h1>
    <p>Version: <strong>2.3.4</strong></p>
  </header>
  <main>
    <section>
<h2>tools/report.py</h2>
<p><strong>Language:</strong> Python</p>
<article id="module">
        <h3>Module</h3>
        <p><strong>Kind:</strong> module</p>
        <p><strong>Signature:</strong> <code>Module</code></p>
        <p>Reporting helpers for DocForge sample fixtures.</p>
      </article>
<article id="format-percentage">
        <h3>format_percentage</h3>
        <p><strong>Kind:</strong> function</p>
        <p><strong>Signature:</strong> <code>function format_percentage</code></p>
        <p>Format a floating point value as a human readable percentage.</p>
      </article>
<article id="reportbuilder">
        <h3>ReportBuilder</h3>
        <p><strong>Kind:</strong> class</p>
        <p><strong>Signature:</strong> <code>class ReportBuilder</code></p>
        <p>Accumulates rows and renders a markdown table.</p>
      </article>
<article id="add-row">
        <h3>add_row</h3>
        <p><strong>Kind:</strong> function</p>
        <p><strong>Signature:</strong> <code>function add_row</code></p>
        <p>Append a label/value pair to the table rows.</p>
      </article>
<article id="render">
        <h3>render</h3>
        <p><strong>Kind:</strong> function</p>
        <p><strong>Signature:</strong> <code>function render</code></p>
        <p>Render the accumulated rows as a GitHub flavored markdown table.</p>
      </article>
</section>
  </main>
  <footer>
    Generated by DocForge.
  </footer>
</body>
</html>