id,name,license,purpose,retention
D001,HR-PII,Restricted-TOS,investigation,short-30d
D002,OpenPartnerships,Open-Data-OK,benchmarking,standard-365d
