[
  "ar-SA",
  "da-DK",
  "de-DE",
  "en-GB",
  "en-US",
  "es-ES",
  "es-MX",
  "fi-FI",
  "fr-CA",
  "fr-FR",
  "hi-IN",
  "it-IT",
  "ja-JP",
  "ko-KR",
  "nl-NL",
  "pt-BR",
  "pt-PT",
  "sv-SE",
  "zh-CN",
  "zh-TW"
]
