from,to,rel,weight
G100,G200,EMPLOYS,1
G400,G300,CONTRACTS,1
G100,G400,PARTNERS_WITH,0.7
