person_id,account_id,connected_at,last_verified_at,purpose_tags,provenance_ref
P-0001,ACCT-9001,2022-05-01T08:05:00Z,2025-09-01T15:12:00Z,security-monitoring|operations,s3csv/relationships/2025-09-01T15:30:00Z
P-0002,ACCT-9002,2021-11-15T09:35:00Z,2025-09-01T16:02:00Z,operations|analytics,s3csv/relationships/2025-09-01T15:30:00Z
P-0003,ACCT-9003,2020-02-10T10:20:00Z,2025-08-15T10:05:00Z,security-monitoring|operations,s3csv/relationships/2025-09-01T15:30:00Z
