policy_version,region,total_amount
policy-v1.0,north,120.50
policy-v1.0,south,230.75
policy-v1.0,west,80.25
